===== 2025-10-30 00:03:46 =====
POST DATA:
Array
(
)

SESSION DATA:
Array
(
    [loggedin] => 1
    [user_id] => 10
    [username] => Kiệt Du
    [phone] => 
    [address] => 
    [error_message] => Xảy ra lỗi khi đặt hàng: Sản phẩm 'Mãn cầu (Na dai)' không đủ tồn kho.
)

===== 2025-10-30 00:03:47 =====
POST DATA:
Array
(
)

SESSION DATA:
Array
(
    [loggedin] => 1
    [user_id] => 10
    [username] => Kiệt Du
    [phone] => 
    [address] => 
    [error_message] => Xảy ra lỗi khi đặt hàng: Sản phẩm 'Mãn cầu (Na dai)' không đủ tồn kho.
)

===== 2025-10-30 00:04:59 =====
Items to checkout: Array
(
    [0] => Array
        (
            [quantity] => 10
            [note] => 123123
            [product_id] => 8
            [name] => Hồng trứng Đà Lạt
            [price] => 60000.00
            [image_url] => public/assets/images/68e3477c0ed93_hong-trung-DaLat.png
            [stock] => 20
        )

    [1] => Array
        (
            [quantity] => 1
            [note] => 123123
            [product_id] => 27
            [name] => Sầu riêng MongThong
            [price] => 160000.00
            [image_url] => public/assets/images/68e53a8a9f6a6_sau_rieng_moongthong.png
            [stock] => 20
        )

)

===== 2025-10-30 00:04:59 =====
Total price: 760000
